{"rules.@mr-linter\/description_contains_links_of_any_domains":"Failed to match exactly one schema","rules.@mr-linter\/description_contains_links_of_any_domains.when":"The property labels1 is not defined and the definition does not allow additional properties","rules.@mr-linter\/jira\/has_issue_link":"Failed to match exactly one schema","rules.@mr-linter\/jira\/has_issue_link.when":"The property labels1 is not defined and the definition does not allow additional properties"}
